// Jest Snapshot v1, https://goo.gl/fbAQLP

exports[`TwitchVodsTableItem renders correctly 1`] = `
Array [
  <span
    className="twitch-vod-table-matchup"
  >
    <div
      className="tooltip-wrapper"
      onMouseLeave={[Function]}
      onMouseMove={[Function]}
      onTouchStart={[Function]}
    >
      <aside
        className="sr-only"
      >
        <p>
          Legend 1234
        </p>
      </aside>
      <figure
        className="rank-icon-standalone"
      >
        <img
          alt="Legend 1234"
          src="/static/images/ranked-medals/Medal_Ranked_Legend.png"
        />
        <figcaption>
          1234
        </figcaption>
      </figure>
    </div>
    <span
      className="text-twitch twitch-vod-channel-name"
    >
      <img
        alt="Twitch"
        src="/static/images/socialauth/twitch.png"
      />
       
      <span>
        HearthSim
      </span>
    </span>
    <img
      className="vs-icon"
      src="/static/images/vs.png"
    />
    <div
      className="tooltip-wrapper"
      onMouseLeave={[Function]}
      onMouseMove={[Function]}
      onTouchStart={[Function]}
    >
      <aside
        className="sr-only"
      >
        Mage
      </aside>
      <img
        className="class-icon"
        src="/static/images/64x/class-icons/mage.png"
      />
    </div>
    <span
      className="opposing-archetype"
    >
      Mage
    </span>
  </span>,
  <p>
    <time
      dateTime="2018-10-22T20:13:30.000Z"
    >
      1 minute ago
    </time>
    <strong
      className="twitch-vod-table-outcome"
    >
      Won
    </strong>
     
    going 
    <strong>
      <img
        className="twitch-vod-table-inline-icon"
        src="/static/images/first.png"
      />
       
      first
    </strong>
     
    after
     
    <span
      className="game-duration"
    >
      <span
        className="glyphicon glyphicon-time"
      />
       
      22.3 min
    </span>
  </p>,
]
`;
